#0 building with "default" instance using docker driver

#1 [internal] load build definition from Dockerfile
#1 transferring dockerfile: 136B done
#1 DONE 0.0s

#2 resolve image config for docker-image://docker.io/docker/dockerfile:1
#2 DONE 0.3s

#3 docker-image://docker.io/docker/dockerfile:1@sha256:ecfaec9ed6d810b56388c508f4121597bfbba70d41a6dfeee4d8cad5f295fc32
#3 resolve docker.io/docker/dockerfile:1@sha256:ecfaec9ed6d810b56388c508f4121597bfbba70d41a6dfeee4d8cad5f295fc32 0.0s done
#3 CACHED

#4 [internal] load metadata for docker.io/library/alpine:3.22
#4 DONE 0.3s

#5 [internal] load .dockerignore
#5 transferring context: 77B done
#5 DONE 0.0s

#6 [internal] load build context
#6 transferring context: 175B done
#6 DONE 0.0s

#7 [1/3] FROM docker.io/library/alpine:3.22@sha256:14358309a308569c32bdc37e2e0e9694be33a9d99e68afb0f5ff33cc1f695dce
#7 resolve docker.io/library/alpine:3.22@sha256:14358309a308569c32bdc37e2e0e9694be33a9d99e68afb0f5ff33cc1f695dce 0.0s done
#7 DONE 0.0s

#8 [2/3] WORKDIR /app
#8 CACHED

#9 [3/3] COPY . .
#9 DONE 0.0s

#10 exporting to image
#10 exporting layers 0.0s done
#10 exporting manifest sha256:c6517425a7b19d540e43f62bfd0b1645fb65c7facc7c6a9d89c094adca2512e5 0.0s done
#10 exporting config sha256:acc9c65550919bb87dec224cb1e38d7676bfe716b7524faf27d84828fa25757c 0.1s done
#10 exporting attestation manifest sha256:68a4f34bc91c0c4b0cd5820948eacf24ceada90ae62ee39f7e77cd2c1183fc3f 0.0s done
#10 exporting manifest list sha256:e5f5f0a6c429852af21f05109e41b04f341bc36a259d4bc10b25f4053793f9f7
#10 exporting manifest list sha256:e5f5f0a6c429852af21f05109e41b04f341bc36a259d4bc10b25f4053793f9f7 0.0s done
#10 naming to docker.io/library/context-lab:after done
#10 unpacking to docker.io/library/context-lab:after 0.0s done
#10 DONE 0.2s
