#0 building with "default" instance using docker driver

#1 [internal] load build definition from Dockerfile
#1 transferring dockerfile: 136B done
#1 DONE 0.0s

#2 [auth] docker/dockerfile:pull token for registry-1.docker.io
#2 DONE 0.0s

#3 resolve image config for docker-image://docker.io/docker/dockerfile:1
#3 DONE 0.5s

#4 docker-image://docker.io/docker/dockerfile:1@sha256:ecfaec9ed6d810b56388c508f4121597bfbba70d41a6dfeee4d8cad5f295fc32
#4 resolve docker.io/docker/dockerfile:1@sha256:ecfaec9ed6d810b56388c508f4121597bfbba70d41a6dfeee4d8cad5f295fc32 0.0s done
#4 CACHED

#5 [internal] load metadata for docker.io/library/alpine:3.22
#5 ...

#6 [auth] library/alpine:pull token for registry-1.docker.io
#6 DONE 0.0s

#5 [internal] load metadata for docker.io/library/alpine:3.22
#5 DONE 0.9s

#7 [internal] load .dockerignore
#7 transferring context: 2B done
#7 DONE 0.0s

#8 [internal] load build context
#8 transferring context: 2.10MB 0.0s done
#8 DONE 0.1s

#9 [1/3] FROM docker.io/library/alpine:3.22@sha256:14358309a308569c32bdc37e2e0e9694be33a9d99e68afb0f5ff33cc1f695dce
#9 resolve docker.io/library/alpine:3.22@sha256:14358309a308569c32bdc37e2e0e9694be33a9d99e68afb0f5ff33cc1f695dce 0.0s done
#9 sha256:f7ee36c9aa34bbb665f975c76e5c0d1607f0674b94c84cfb0061f87006ea5d10 3.79MB / 3.79MB 0.2s
#9 sha256:f7ee36c9aa34bbb665f975c76e5c0d1607f0674b94c84cfb0061f87006ea5d10 3.79MB / 3.79MB 0.2s done
#9 extracting sha256:f7ee36c9aa34bbb665f975c76e5c0d1607f0674b94c84cfb0061f87006ea5d10 0.1s done
#9 DONE 0.4s

#10 [2/3] WORKDIR /app
#10 DONE 0.2s

#11 [3/3] COPY . .
#11 DONE 0.1s

#12 exporting to image
#12 exporting layers 0.1s done
#12 exporting manifest sha256:85006d2336eb76cb9a6ab25f1e1a648a1c00240066bf9df36f6ce6b871eeac08 0.0s done
#12 exporting config sha256:b79b7036a7fb7ba48796b313a142c4db428ede5935ce0b22755680997d7552c3 0.0s done
#12 exporting attestation manifest sha256:a5c853c20500e9efcdbc391057f0d466d23d41cacb1c8ad75c4f1fd548162a0f 0.0s done
#12 exporting manifest list sha256:37fe9eccc1f6995600cd5fb5e53eed445988904a3ae9bd4b8e7871f442a09062 0.0s done
#12 naming to docker.io/library/context-lab:before done
#12 unpacking to docker.io/library/context-lab:before 0.0s done
#12 DONE 0.2s
